Chunk 5 idk: scores=700, generations=200, phase=all
Frozen layer=14, alpha=1.0, random_controls=5
Loading weights:   0%|          | 0/146 [00:00<?, ?it/s]Loading weights:  10%|█         | 15/146 [00:00<00:01, 126.62it/s]Loading weights:  27%|██▋       | 40/146 [00:00<00:00, 168.81it/s]Loading weights:  41%|████      | 60/146 [00:00<00:00, 178.84it/s]Loading weights:  55%|█████▌    | 81/146 [00:00<00:00, 180.27it/s]Loading weights:  71%|███████   | 104/146 [00:00<00:00, 190.65it/s]Loading weights:  85%|████████▍ | 124/146 [00:00<00:00, 139.11it/s]Loading weights: 100%|██████████| 146/146 [00:00<00:00, 167.15it/s]
Loaded idk on mps
idk/confirmation_scores: 0/700 already complete
idk/confirmation_scores: 2/700
idk/confirmation_scores: 4/700
idk/confirmation_scores: 6/700
idk/confirmation_scores: 8/700
idk/confirmation_scores: 10/700
idk/confirmation_scores: 12/700
idk/confirmation_scores: 14/700
idk/confirmation_scores: 16/700
idk/confirmation_scores: 18/700
idk/confirmation_scores: 20/700
idk/confirmation_scores: 22/700
idk/confirmation_scores: 24/700
idk/confirmation_scores: 26/700
idk/confirmation_scores: 28/700
idk/confirmation_scores: 30/700
idk/confirmation_scores: 32/700
idk/confirmation_scores: 34/700
idk/confirmation_scores: 36/700
idk/confirmation_scores: 38/700
idk/confirmation_scores: 40/700
idk/confirmation_scores: 42/700
idk/confirmation_scores: 44/700
idk/confirmation_scores: 46/700
idk/confirmation_scores: 48/700
idk/confirmation_scores: 50/700
idk/confirmation_scores: 52/700
idk/confirmation_scores: 54/700
idk/confirmation_scores: 56/700
idk/confirmation_scores: 58/700
idk/confirmation_scores: 60/700
idk/confirmation_scores: 62/700
idk/confirmation_scores: 64/700
idk/confirmation_scores: 66/700
idk/confirmation_scores: 68/700
idk/confirmation_scores: 70/700
idk/confirmation_scores: 72/700
idk/confirmation_scores: 74/700
idk/confirmation_scores: 76/700
idk/confirmation_scores: 78/700
idk/confirmation_scores: 80/700
idk/confirmation_scores: 82/700
idk/confirmation_scores: 84/700
idk/confirmation_scores: 86/700
idk/confirmation_scores: 88/700
idk/confirmation_scores: 90/700
idk/confirmation_scores: 92/700
idk/confirmation_scores: 94/700
idk/confirmation_scores: 96/700
idk/confirmation_scores: 98/700
idk/confirmation_scores: 100/700
idk/confirmation_scores: 102/700
idk/confirmation_scores: 104/700
idk/confirmation_scores: 106/700
idk/confirmation_scores: 108/700
idk/confirmation_scores: 110/700
idk/confirmation_scores: 112/700
idk/confirmation_scores: 114/700
idk/confirmation_scores: 116/700
idk/confirmation_scores: 118/700
idk/confirmation_scores: 120/700
idk/confirmation_scores: 122/700
idk/confirmation_scores: 124/700
idk/confirmation_scores: 126/700
idk/confirmation_scores: 128/700
idk/confirmation_scores: 130/700
idk/confirmation_scores: 132/700
idk/confirmation_scores: 134/700
idk/confirmation_scores: 136/700
idk/confirmation_scores: 138/700
idk/confirmation_scores: 140/700
idk/confirmation_scores: 142/700
idk/confirmation_scores: 144/700
idk/confirmation_scores: 146/700
idk/confirmation_scores: 148/700
idk/confirmation_scores: 150/700
idk/confirmation_scores: 152/700
idk/confirmation_scores: 154/700
idk/confirmation_scores: 156/700
idk/confirmation_scores: 158/700
idk/confirmation_scores: 160/700
idk/confirmation_scores: 162/700
idk/confirmation_scores: 164/700
idk/confirmation_scores: 166/700
idk/confirmation_scores: 168/700
idk/confirmation_scores: 170/700
idk/confirmation_scores: 172/700
idk/confirmation_scores: 174/700
idk/confirmation_scores: 176/700
idk/confirmation_scores: 178/700
idk/confirmation_scores: 180/700
idk/confirmation_scores: 182/700
idk/confirmation_scores: 184/700
idk/confirmation_scores: 186/700
idk/confirmation_scores: 188/700
idk/confirmation_scores: 190/700
idk/confirmation_scores: 192/700
idk/confirmation_scores: 194/700
idk/confirmation_scores: 196/700
idk/confirmation_scores: 198/700
idk/confirmation_scores: 200/700
idk/confirmation_scores: 202/700
idk/confirmation_scores: 204/700
idk/confirmation_scores: 206/700
idk/confirmation_scores: 208/700
idk/confirmation_scores: 210/700
idk/confirmation_scores: 212/700
idk/confirmation_scores: 214/700
idk/confirmation_scores: 216/700
idk/confirmation_scores: 218/700
idk/confirmation_scores: 220/700
idk/confirmation_scores: 222/700
idk/confirmation_scores: 224/700
idk/confirmation_scores: 226/700
idk/confirmation_scores: 228/700
idk/confirmation_scores: 230/700
idk/confirmation_scores: 232/700
idk/confirmation_scores: 234/700
idk/confirmation_scores: 236/700
idk/confirmation_scores: 238/700
idk/confirmation_scores: 240/700
idk/confirmation_scores: 242/700
idk/confirmation_scores: 244/700
idk/confirmation_scores: 246/700
idk/confirmation_scores: 248/700
idk/confirmation_scores: 250/700
idk/confirmation_scores: 252/700
idk/confirmation_scores: 254/700
idk/confirmation_scores: 256/700
idk/confirmation_scores: 258/700
idk/confirmation_scores: 260/700
idk/confirmation_scores: 262/700
idk/confirmation_scores: 264/700
idk/confirmation_scores: 266/700
idk/confirmation_scores: 268/700
idk/confirmation_scores: 270/700
idk/confirmation_scores: 272/700
idk/confirmation_scores: 274/700
idk/confirmation_scores: 276/700
idk/confirmation_scores: 278/700
idk/confirmation_scores: 280/700
idk/confirmation_scores: 282/700
idk/confirmation_scores: 284/700
idk/confirmation_scores: 286/700
idk/confirmation_scores: 288/700
idk/confirmation_scores: 290/700
idk/confirmation_scores: 292/700
idk/confirmation_scores: 294/700
idk/confirmation_scores: 296/700
idk/confirmation_scores: 298/700
idk/confirmation_scores: 300/700
idk/confirmation_scores: 302/700
idk/confirmation_scores: 304/700
idk/confirmation_scores: 306/700
idk/confirmation_scores: 308/700
idk/confirmation_scores: 310/700
idk/confirmation_scores: 312/700
idk/confirmation_scores: 314/700
idk/confirmation_scores: 316/700
idk/confirmation_scores: 318/700
idk/confirmation_scores: 320/700
idk/confirmation_scores: 322/700
idk/confirmation_scores: 324/700
idk/confirmation_scores: 326/700
idk/confirmation_scores: 328/700
idk/confirmation_scores: 330/700
idk/confirmation_scores: 332/700
idk/confirmation_scores: 334/700
idk/confirmation_scores: 336/700
idk/confirmation_scores: 338/700
idk/confirmation_scores: 340/700
idk/confirmation_scores: 342/700
idk/confirmation_scores: 344/700
idk/confirmation_scores: 346/700
idk/confirmation_scores: 348/700
idk/confirmation_scores: 350/700
idk/confirmation_scores: 352/700
idk/confirmation_scores: 354/700
idk/confirmation_scores: 356/700
idk/confirmation_scores: 358/700
idk/confirmation_scores: 360/700
idk/confirmation_scores: 362/700
idk/confirmation_scores: 364/700
idk/confirmation_scores: 366/700
idk/confirmation_scores: 368/700
idk/confirmation_scores: 370/700
idk/confirmation_scores: 372/700
idk/confirmation_scores: 374/700
idk/confirmation_scores: 376/700
idk/confirmation_scores: 378/700
idk/confirmation_scores: 380/700
idk/confirmation_scores: 382/700
idk/confirmation_scores: 384/700
idk/confirmation_scores: 386/700
idk/confirmation_scores: 388/700
idk/confirmation_scores: 390/700
idk/confirmation_scores: 392/700
idk/confirmation_scores: 394/700
idk/confirmation_scores: 396/700
idk/confirmation_scores: 398/700
idk/confirmation_scores: 400/700
idk/confirmation_scores: 402/700
idk/confirmation_scores: 404/700
idk/confirmation_scores: 406/700
idk/confirmation_scores: 408/700
idk/confirmation_scores: 410/700
idk/confirmation_scores: 412/700
idk/confirmation_scores: 414/700
idk/confirmation_scores: 416/700
idk/confirmation_scores: 418/700
idk/confirmation_scores: 420/700
idk/confirmation_scores: 422/700
idk/confirmation_scores: 424/700
idk/confirmation_scores: 426/700
idk/confirmation_scores: 428/700
idk/confirmation_scores: 430/700
idk/confirmation_scores: 432/700
idk/confirmation_scores: 434/700
idk/confirmation_scores: 436/700
idk/confirmation_scores: 438/700
idk/confirmation_scores: 440/700
idk/confirmation_scores: 442/700
idk/confirmation_scores: 444/700
idk/confirmation_scores: 446/700
idk/confirmation_scores: 448/700
idk/confirmation_scores: 450/700
idk/confirmation_scores: 452/700
idk/confirmation_scores: 454/700
idk/confirmation_scores: 456/700
idk/confirmation_scores: 458/700
idk/confirmation_scores: 460/700
idk/confirmation_scores: 462/700
idk/confirmation_scores: 464/700
idk/confirmation_scores: 466/700
idk/confirmation_scores: 468/700
idk/confirmation_scores: 470/700
idk/confirmation_scores: 472/700
idk/confirmation_scores: 474/700
idk/confirmation_scores: 476/700
idk/confirmation_scores: 478/700
idk/confirmation_scores: 480/700
idk/confirmation_scores: 482/700
idk/confirmation_scores: 484/700
idk/confirmation_scores: 486/700
idk/confirmation_scores: 488/700
idk/confirmation_scores: 490/700
idk/confirmation_scores: 492/700
idk/confirmation_scores: 494/700
idk/confirmation_scores: 496/700
idk/confirmation_scores: 498/700
idk/confirmation_scores: 500/700
idk/confirmation_scores: 502/700
idk/confirmation_scores: 504/700
idk/confirmation_scores: 506/700
idk/confirmation_scores: 508/700
idk/confirmation_scores: 510/700
idk/confirmation_scores: 512/700
idk/confirmation_scores: 514/700
idk/confirmation_scores: 516/700
idk/confirmation_scores: 518/700
idk/confirmation_scores: 520/700
idk/confirmation_scores: 522/700
idk/confirmation_scores: 524/700
idk/confirmation_scores: 526/700
idk/confirmation_scores: 528/700
idk/confirmation_scores: 530/700
idk/confirmation_scores: 532/700
idk/confirmation_scores: 534/700
idk/confirmation_scores: 536/700
idk/confirmation_scores: 538/700
idk/confirmation_scores: 540/700
idk/confirmation_scores: 542/700
idk/confirmation_scores: 544/700
idk/confirmation_scores: 546/700
idk/confirmation_scores: 548/700
idk/confirmation_scores: 550/700
idk/confirmation_scores: 552/700
idk/confirmation_scores: 554/700
idk/confirmation_scores: 556/700
idk/confirmation_scores: 558/700
idk/confirmation_scores: 560/700
idk/confirmation_scores: 562/700
idk/confirmation_scores: 564/700
idk/confirmation_scores: 566/700
idk/confirmation_scores: 568/700
idk/confirmation_scores: 570/700
idk/confirmation_scores: 572/700
idk/confirmation_scores: 574/700
idk/confirmation_scores: 576/700
idk/confirmation_scores: 578/700
idk/confirmation_scores: 580/700
idk/confirmation_scores: 582/700
idk/confirmation_scores: 584/700
idk/confirmation_scores: 586/700
idk/confirmation_scores: 588/700
idk/confirmation_scores: 590/700
idk/confirmation_scores: 592/700
idk/confirmation_scores: 594/700
idk/confirmation_scores: 596/700
idk/confirmation_scores: 598/700
idk/confirmation_scores: 600/700
idk/confirmation_scores: 602/700
idk/confirmation_scores: 604/700
idk/confirmation_scores: 606/700
idk/confirmation_scores: 608/700
idk/confirmation_scores: 610/700
idk/confirmation_scores: 612/700
idk/confirmation_scores: 614/700
idk/confirmation_scores: 616/700
idk/confirmation_scores: 618/700
idk/confirmation_scores: 620/700
idk/confirmation_scores: 622/700
idk/confirmation_scores: 624/700
idk/confirmation_scores: 626/700
idk/confirmation_scores: 628/700
idk/confirmation_scores: 630/700
idk/confirmation_scores: 632/700
idk/confirmation_scores: 634/700
idk/confirmation_scores: 636/700
idk/confirmation_scores: 638/700
idk/confirmation_scores: 640/700
idk/confirmation_scores: 642/700
idk/confirmation_scores: 644/700
idk/confirmation_scores: 646/700
idk/confirmation_scores: 648/700
idk/confirmation_scores: 650/700
idk/confirmation_scores: 652/700
idk/confirmation_scores: 654/700
idk/confirmation_scores: 656/700
idk/confirmation_scores: 658/700
idk/confirmation_scores: 660/700
idk/confirmation_scores: 662/700
idk/confirmation_scores: 664/700
idk/confirmation_scores: 666/700
idk/confirmation_scores: 668/700
idk/confirmation_scores: 670/700
idk/confirmation_scores: 672/700
idk/confirmation_scores: 674/700
idk/confirmation_scores: 676/700
idk/confirmation_scores: 678/700
idk/confirmation_scores: 680/700
idk/confirmation_scores: 682/700
idk/confirmation_scores: 684/700
idk/confirmation_scores: 686/700
idk/confirmation_scores: 688/700
idk/confirmation_scores: 690/700
idk/confirmation_scores: 692/700
idk/confirmation_scores: 694/700
idk/confirmation_scores: 696/700
idk/confirmation_scores: 698/700
idk/confirmation_scores: 700/700
idk/confirmation_generations: 0/200 already complete
[transformers] Ignoring clean_up_tokenization_spaces=True for BPE tokenizer TokenizersBackend. The clean_up_tokenization post-processing step is designed for WordPiece tokenizers and is destructive for BPE (it strips spaces before punctuation). Set clean_up_tokenization_spaces=False to suppress this warning, or set clean_up_tokenization_spaces_for_bpe_even_though_it_will_corrupt_output=True to force cleanup anyway.
idk/confirmation_generations: 2/200
idk/confirmation_generations: 4/200
idk/confirmation_generations: 6/200
idk/confirmation_generations: 8/200
idk/confirmation_generations: 10/200
idk/confirmation_generations: 12/200
idk/confirmation_generations: 14/200
idk/confirmation_generations: 16/200
idk/confirmation_generations: 18/200
idk/confirmation_generations: 20/200
idk/confirmation_generations: 22/200
idk/confirmation_generations: 24/200
idk/confirmation_generations: 26/200
idk/confirmation_generations: 28/200
idk/confirmation_generations: 30/200
idk/confirmation_generations: 32/200
idk/confirmation_generations: 34/200
idk/confirmation_generations: 36/200
idk/confirmation_generations: 38/200
idk/confirmation_generations: 40/200
idk/confirmation_generations: 42/200
idk/confirmation_generations: 44/200
idk/confirmation_generations: 46/200
idk/confirmation_generations: 48/200
idk/confirmation_generations: 50/200
idk/confirmation_generations: 52/200
idk/confirmation_generations: 54/200
idk/confirmation_generations: 56/200
idk/confirmation_generations: 58/200
idk/confirmation_generations: 60/200
idk/confirmation_generations: 62/200
idk/confirmation_generations: 64/200
idk/confirmation_generations: 66/200
idk/confirmation_generations: 68/200
idk/confirmation_generations: 70/200
idk/confirmation_generations: 72/200
idk/confirmation_generations: 74/200
idk/confirmation_generations: 76/200
idk/confirmation_generations: 78/200
idk/confirmation_generations: 80/200
idk/confirmation_generations: 82/200
idk/confirmation_generations: 84/200
idk/confirmation_generations: 86/200
idk/confirmation_generations: 88/200
idk/confirmation_generations: 90/200
idk/confirmation_generations: 92/200
idk/confirmation_generations: 94/200
idk/confirmation_generations: 96/200
idk/confirmation_generations: 98/200
idk/confirmation_generations: 100/200
idk/confirmation_generations: 102/200
idk/confirmation_generations: 104/200
idk/confirmation_generations: 106/200
idk/confirmation_generations: 108/200
idk/confirmation_generations: 110/200
idk/confirmation_generations: 112/200
idk/confirmation_generations: 114/200
idk/confirmation_generations: 116/200
idk/confirmation_generations: 118/200
idk/confirmation_generations: 120/200
idk/confirmation_generations: 122/200
idk/confirmation_generations: 124/200
idk/confirmation_generations: 126/200
idk/confirmation_generations: 128/200
idk/confirmation_generations: 130/200
idk/confirmation_generations: 132/200
idk/confirmation_generations: 134/200
idk/confirmation_generations: 136/200
idk/confirmation_generations: 138/200
idk/confirmation_generations: 140/200
idk/confirmation_generations: 142/200
idk/confirmation_generations: 144/200
idk/confirmation_generations: 146/200
idk/confirmation_generations: 148/200
idk/confirmation_generations: 150/200
idk/confirmation_generations: 152/200
idk/confirmation_generations: 154/200
idk/confirmation_generations: 156/200
idk/confirmation_generations: 158/200
idk/confirmation_generations: 160/200
idk/confirmation_generations: 162/200
idk/confirmation_generations: 164/200
idk/confirmation_generations: 166/200
idk/confirmation_generations: 168/200
idk/confirmation_generations: 170/200
idk/confirmation_generations: 172/200
idk/confirmation_generations: 174/200
idk/confirmation_generations: 176/200
idk/confirmation_generations: 178/200
idk/confirmation_generations: 180/200
idk/confirmation_generations: 182/200
idk/confirmation_generations: 184/200
idk/confirmation_generations: 186/200
idk/confirmation_generations: 188/200
idk/confirmation_generations: 190/200
idk/confirmation_generations: 192/200
idk/confirmation_generations: 194/200
idk/confirmation_generations: 196/200
idk/confirmation_generations: 198/200
idk/confirmation_generations: 200/200
Chunk 5 idk phase=all complete
