Chunk 3 gd02: 100 receiver baselines + 100 questions x 16 layers = 1600 patched scores
Frozen readout layer: 14 (c030213ff907a0a8a146c0b9904ff3889f7525f2b34b498a39a6a6198ff237a2)
Loading weights:   0%|          | 0/146 [00:00<?, ?it/s]Loading weights:  11%|█         | 16/146 [00:00<00:00, 138.51it/s]Loading weights:  27%|██▋       | 40/146 [00:00<00:00, 115.81it/s]Loading weights:  36%|███▋      | 53/146 [00:00<00:00, 112.04it/s]Loading weights:  48%|████▊     | 70/146 [00:00<00:00, 86.50it/s] Loading weights:  61%|██████    | 89/146 [00:00<00:00, 105.83it/s]Loading weights:  74%|███████▍  | 108/146 [00:00<00:00, 118.98it/s]Loading weights:  84%|████████▎ | 122/146 [00:01<00:00, 88.61it/s] Loading weights: 100%|██████████| 146/146 [00:01<00:00, 109.98it/s]
Loaded gd02 on mps
gd02/runtime_baseline: 0/100 already complete
gd02/runtime_baseline: 2/100
gd02/runtime_baseline: 4/100
gd02/runtime_baseline: 6/100
gd02/runtime_baseline: 8/100
gd02/runtime_baseline: 10/100
gd02/runtime_baseline: 12/100
gd02/runtime_baseline: 14/100
gd02/runtime_baseline: 16/100
gd02/runtime_baseline: 18/100
gd02/runtime_baseline: 20/100
gd02/runtime_baseline: 22/100
gd02/runtime_baseline: 24/100
gd02/runtime_baseline: 26/100
gd02/runtime_baseline: 28/100
gd02/runtime_baseline: 30/100
gd02/runtime_baseline: 32/100
gd02/runtime_baseline: 34/100
gd02/runtime_baseline: 36/100
gd02/runtime_baseline: 38/100
gd02/runtime_baseline: 40/100
gd02/runtime_baseline: 42/100
gd02/runtime_baseline: 44/100
gd02/runtime_baseline: 46/100
gd02/runtime_baseline: 48/100
gd02/runtime_baseline: 50/100
gd02/runtime_baseline: 52/100
gd02/runtime_baseline: 54/100
gd02/runtime_baseline: 56/100
gd02/runtime_baseline: 58/100
gd02/runtime_baseline: 60/100
gd02/runtime_baseline: 62/100
gd02/runtime_baseline: 64/100
gd02/runtime_baseline: 66/100
gd02/runtime_baseline: 68/100
gd02/runtime_baseline: 70/100
gd02/runtime_baseline: 72/100
gd02/runtime_baseline: 74/100
gd02/runtime_baseline: 76/100
gd02/runtime_baseline: 78/100
gd02/runtime_baseline: 80/100
gd02/runtime_baseline: 82/100
gd02/runtime_baseline: 84/100
gd02/runtime_baseline: 86/100
gd02/runtime_baseline: 88/100
gd02/runtime_baseline: 90/100
gd02/runtime_baseline: 92/100
gd02/runtime_baseline: 94/100
gd02/runtime_baseline: 96/100
gd02/runtime_baseline: 98/100
gd02/runtime_baseline: 100/100
gd02/layer_sweep: 0/1600 already complete
gd02/layer_sweep: 2/1600
gd02/layer_sweep: 4/1600
gd02/layer_sweep: 6/1600
gd02/layer_sweep: 8/1600
gd02/layer_sweep: 10/1600
gd02/layer_sweep: 12/1600
gd02/layer_sweep: 14/1600
gd02/layer_sweep: 16/1600
gd02/layer_sweep: 18/1600
gd02/layer_sweep: 20/1600
gd02/layer_sweep: 22/1600
gd02/layer_sweep: 24/1600
gd02/layer_sweep: 26/1600
gd02/layer_sweep: 28/1600
gd02/layer_sweep: 30/1600
gd02/layer_sweep: 32/1600
gd02/layer_sweep: 34/1600
gd02/layer_sweep: 36/1600
gd02/layer_sweep: 38/1600
gd02/layer_sweep: 40/1600
gd02/layer_sweep: 42/1600
gd02/layer_sweep: 44/1600
gd02/layer_sweep: 46/1600
gd02/layer_sweep: 48/1600
gd02/layer_sweep: 50/1600
gd02/layer_sweep: 52/1600
gd02/layer_sweep: 54/1600
gd02/layer_sweep: 56/1600
gd02/layer_sweep: 58/1600
gd02/layer_sweep: 60/1600
gd02/layer_sweep: 62/1600
gd02/layer_sweep: 64/1600
gd02/layer_sweep: 66/1600
gd02/layer_sweep: 68/1600
gd02/layer_sweep: 70/1600
gd02/layer_sweep: 72/1600
gd02/layer_sweep: 74/1600
gd02/layer_sweep: 76/1600
gd02/layer_sweep: 78/1600
gd02/layer_sweep: 80/1600
gd02/layer_sweep: 82/1600
gd02/layer_sweep: 84/1600
gd02/layer_sweep: 86/1600
gd02/layer_sweep: 88/1600
gd02/layer_sweep: 90/1600
gd02/layer_sweep: 92/1600
gd02/layer_sweep: 94/1600
gd02/layer_sweep: 96/1600
gd02/layer_sweep: 98/1600
gd02/layer_sweep: 100/1600
gd02/layer_sweep: 102/1600
gd02/layer_sweep: 104/1600
gd02/layer_sweep: 106/1600
gd02/layer_sweep: 108/1600
gd02/layer_sweep: 110/1600
gd02/layer_sweep: 112/1600
gd02/layer_sweep: 114/1600
gd02/layer_sweep: 116/1600
gd02/layer_sweep: 118/1600
gd02/layer_sweep: 120/1600
gd02/layer_sweep: 122/1600
gd02/layer_sweep: 124/1600
gd02/layer_sweep: 126/1600
gd02/layer_sweep: 128/1600
gd02/layer_sweep: 130/1600
gd02/layer_sweep: 132/1600
gd02/layer_sweep: 134/1600
gd02/layer_sweep: 136/1600
gd02/layer_sweep: 138/1600
gd02/layer_sweep: 140/1600
gd02/layer_sweep: 142/1600
gd02/layer_sweep: 144/1600
gd02/layer_sweep: 146/1600
gd02/layer_sweep: 148/1600
gd02/layer_sweep: 150/1600
gd02/layer_sweep: 152/1600
gd02/layer_sweep: 154/1600
gd02/layer_sweep: 156/1600
gd02/layer_sweep: 158/1600
gd02/layer_sweep: 160/1600
gd02/layer_sweep: 162/1600
gd02/layer_sweep: 164/1600
gd02/layer_sweep: 166/1600
gd02/layer_sweep: 168/1600
gd02/layer_sweep: 170/1600
gd02/layer_sweep: 172/1600
gd02/layer_sweep: 174/1600
gd02/layer_sweep: 176/1600
gd02/layer_sweep: 178/1600
gd02/layer_sweep: 180/1600
gd02/layer_sweep: 182/1600
gd02/layer_sweep: 184/1600
gd02/layer_sweep: 186/1600
gd02/layer_sweep: 188/1600
gd02/layer_sweep: 190/1600
gd02/layer_sweep: 192/1600
gd02/layer_sweep: 194/1600
gd02/layer_sweep: 196/1600
gd02/layer_sweep: 198/1600
gd02/layer_sweep: 200/1600
gd02/layer_sweep: 202/1600
gd02/layer_sweep: 204/1600
gd02/layer_sweep: 206/1600
gd02/layer_sweep: 208/1600
gd02/layer_sweep: 210/1600
gd02/layer_sweep: 212/1600
gd02/layer_sweep: 214/1600
gd02/layer_sweep: 216/1600
gd02/layer_sweep: 218/1600
gd02/layer_sweep: 220/1600
gd02/layer_sweep: 222/1600
gd02/layer_sweep: 224/1600
gd02/layer_sweep: 226/1600
gd02/layer_sweep: 228/1600
gd02/layer_sweep: 230/1600
gd02/layer_sweep: 232/1600
gd02/layer_sweep: 234/1600
gd02/layer_sweep: 236/1600
gd02/layer_sweep: 238/1600
gd02/layer_sweep: 240/1600
gd02/layer_sweep: 242/1600
gd02/layer_sweep: 244/1600
gd02/layer_sweep: 246/1600
gd02/layer_sweep: 248/1600
gd02/layer_sweep: 250/1600
gd02/layer_sweep: 252/1600
gd02/layer_sweep: 254/1600
gd02/layer_sweep: 256/1600
gd02/layer_sweep: 258/1600
gd02/layer_sweep: 260/1600
gd02/layer_sweep: 262/1600
gd02/layer_sweep: 264/1600
gd02/layer_sweep: 266/1600
gd02/layer_sweep: 268/1600
gd02/layer_sweep: 270/1600
gd02/layer_sweep: 272/1600
gd02/layer_sweep: 274/1600
gd02/layer_sweep: 276/1600
gd02/layer_sweep: 278/1600
gd02/layer_sweep: 280/1600
gd02/layer_sweep: 282/1600
gd02/layer_sweep: 284/1600
gd02/layer_sweep: 286/1600
gd02/layer_sweep: 288/1600
gd02/layer_sweep: 290/1600
gd02/layer_sweep: 292/1600
gd02/layer_sweep: 294/1600
gd02/layer_sweep: 296/1600
gd02/layer_sweep: 298/1600
gd02/layer_sweep: 300/1600
gd02/layer_sweep: 302/1600
gd02/layer_sweep: 304/1600
gd02/layer_sweep: 306/1600
gd02/layer_sweep: 308/1600
gd02/layer_sweep: 310/1600
gd02/layer_sweep: 312/1600
gd02/layer_sweep: 314/1600
gd02/layer_sweep: 316/1600
gd02/layer_sweep: 318/1600
gd02/layer_sweep: 320/1600
gd02/layer_sweep: 322/1600
gd02/layer_sweep: 324/1600
gd02/layer_sweep: 326/1600
gd02/layer_sweep: 328/1600
gd02/layer_sweep: 330/1600
gd02/layer_sweep: 332/1600
gd02/layer_sweep: 334/1600
gd02/layer_sweep: 336/1600
gd02/layer_sweep: 338/1600
gd02/layer_sweep: 340/1600
gd02/layer_sweep: 342/1600
gd02/layer_sweep: 344/1600
gd02/layer_sweep: 346/1600
gd02/layer_sweep: 348/1600
gd02/layer_sweep: 350/1600
gd02/layer_sweep: 352/1600
gd02/layer_sweep: 354/1600
gd02/layer_sweep: 356/1600
gd02/layer_sweep: 358/1600
gd02/layer_sweep: 360/1600
gd02/layer_sweep: 362/1600
gd02/layer_sweep: 364/1600
gd02/layer_sweep: 366/1600
gd02/layer_sweep: 368/1600
gd02/layer_sweep: 370/1600
gd02/layer_sweep: 372/1600
gd02/layer_sweep: 374/1600
gd02/layer_sweep: 376/1600
gd02/layer_sweep: 378/1600
gd02/layer_sweep: 380/1600
gd02/layer_sweep: 382/1600
gd02/layer_sweep: 384/1600
gd02/layer_sweep: 386/1600
gd02/layer_sweep: 388/1600
gd02/layer_sweep: 390/1600
gd02/layer_sweep: 392/1600
gd02/layer_sweep: 394/1600
gd02/layer_sweep: 396/1600
gd02/layer_sweep: 398/1600
gd02/layer_sweep: 400/1600
gd02/layer_sweep: 402/1600
gd02/layer_sweep: 404/1600
gd02/layer_sweep: 406/1600
gd02/layer_sweep: 408/1600
gd02/layer_sweep: 410/1600
gd02/layer_sweep: 412/1600
gd02/layer_sweep: 414/1600
gd02/layer_sweep: 416/1600
gd02/layer_sweep: 418/1600
gd02/layer_sweep: 420/1600
gd02/layer_sweep: 422/1600
gd02/layer_sweep: 424/1600
gd02/layer_sweep: 426/1600
gd02/layer_sweep: 428/1600
gd02/layer_sweep: 430/1600
gd02/layer_sweep: 432/1600
gd02/layer_sweep: 434/1600
gd02/layer_sweep: 436/1600
gd02/layer_sweep: 438/1600
gd02/layer_sweep: 440/1600
gd02/layer_sweep: 442/1600
gd02/layer_sweep: 444/1600
gd02/layer_sweep: 446/1600
gd02/layer_sweep: 448/1600
gd02/layer_sweep: 450/1600
gd02/layer_sweep: 452/1600
gd02/layer_sweep: 454/1600
gd02/layer_sweep: 456/1600
gd02/layer_sweep: 458/1600
gd02/layer_sweep: 460/1600
gd02/layer_sweep: 462/1600
gd02/layer_sweep: 464/1600
gd02/layer_sweep: 466/1600
gd02/layer_sweep: 468/1600
gd02/layer_sweep: 470/1600
gd02/layer_sweep: 472/1600
gd02/layer_sweep: 474/1600
gd02/layer_sweep: 476/1600
gd02/layer_sweep: 478/1600
gd02/layer_sweep: 480/1600
gd02/layer_sweep: 482/1600
gd02/layer_sweep: 484/1600
gd02/layer_sweep: 486/1600
gd02/layer_sweep: 488/1600
gd02/layer_sweep: 490/1600
gd02/layer_sweep: 492/1600
gd02/layer_sweep: 494/1600
gd02/layer_sweep: 496/1600
gd02/layer_sweep: 498/1600
gd02/layer_sweep: 500/1600
gd02/layer_sweep: 502/1600
gd02/layer_sweep: 504/1600
gd02/layer_sweep: 506/1600
gd02/layer_sweep: 508/1600
gd02/layer_sweep: 510/1600
gd02/layer_sweep: 512/1600
gd02/layer_sweep: 514/1600
gd02/layer_sweep: 516/1600
gd02/layer_sweep: 518/1600
gd02/layer_sweep: 520/1600
gd02/layer_sweep: 522/1600
gd02/layer_sweep: 524/1600
gd02/layer_sweep: 526/1600
gd02/layer_sweep: 528/1600
gd02/layer_sweep: 530/1600
gd02/layer_sweep: 532/1600
gd02/layer_sweep: 534/1600
gd02/layer_sweep: 536/1600
gd02/layer_sweep: 538/1600
gd02/layer_sweep: 540/1600
gd02/layer_sweep: 542/1600
gd02/layer_sweep: 544/1600
gd02/layer_sweep: 546/1600
gd02/layer_sweep: 548/1600
gd02/layer_sweep: 550/1600
gd02/layer_sweep: 552/1600
gd02/layer_sweep: 554/1600
gd02/layer_sweep: 556/1600
gd02/layer_sweep: 558/1600
gd02/layer_sweep: 560/1600
gd02/layer_sweep: 562/1600
gd02/layer_sweep: 564/1600
gd02/layer_sweep: 566/1600
gd02/layer_sweep: 568/1600
gd02/layer_sweep: 570/1600
gd02/layer_sweep: 572/1600
gd02/layer_sweep: 574/1600
gd02/layer_sweep: 576/1600
gd02/layer_sweep: 578/1600
gd02/layer_sweep: 580/1600
gd02/layer_sweep: 582/1600
gd02/layer_sweep: 584/1600
gd02/layer_sweep: 586/1600
gd02/layer_sweep: 588/1600
gd02/layer_sweep: 590/1600
gd02/layer_sweep: 592/1600
gd02/layer_sweep: 594/1600
gd02/layer_sweep: 596/1600
gd02/layer_sweep: 598/1600
gd02/layer_sweep: 600/1600
gd02/layer_sweep: 602/1600
gd02/layer_sweep: 604/1600
gd02/layer_sweep: 606/1600
gd02/layer_sweep: 608/1600
gd02/layer_sweep: 610/1600
gd02/layer_sweep: 612/1600
gd02/layer_sweep: 614/1600
gd02/layer_sweep: 616/1600
gd02/layer_sweep: 618/1600
gd02/layer_sweep: 620/1600
gd02/layer_sweep: 622/1600
gd02/layer_sweep: 624/1600
gd02/layer_sweep: 626/1600
gd02/layer_sweep: 628/1600
gd02/layer_sweep: 630/1600
gd02/layer_sweep: 632/1600
gd02/layer_sweep: 634/1600
gd02/layer_sweep: 636/1600
gd02/layer_sweep: 638/1600
gd02/layer_sweep: 640/1600
gd02/layer_sweep: 642/1600
gd02/layer_sweep: 644/1600
gd02/layer_sweep: 646/1600
gd02/layer_sweep: 648/1600
gd02/layer_sweep: 650/1600
gd02/layer_sweep: 652/1600
gd02/layer_sweep: 654/1600
gd02/layer_sweep: 656/1600
gd02/layer_sweep: 658/1600
gd02/layer_sweep: 660/1600
gd02/layer_sweep: 662/1600
gd02/layer_sweep: 664/1600
gd02/layer_sweep: 666/1600
gd02/layer_sweep: 668/1600
gd02/layer_sweep: 670/1600
gd02/layer_sweep: 672/1600
gd02/layer_sweep: 674/1600
gd02/layer_sweep: 676/1600
gd02/layer_sweep: 678/1600
gd02/layer_sweep: 680/1600
gd02/layer_sweep: 682/1600
gd02/layer_sweep: 684/1600
gd02/layer_sweep: 686/1600
gd02/layer_sweep: 688/1600
gd02/layer_sweep: 690/1600
gd02/layer_sweep: 692/1600
gd02/layer_sweep: 694/1600
gd02/layer_sweep: 696/1600
gd02/layer_sweep: 698/1600
gd02/layer_sweep: 700/1600
gd02/layer_sweep: 702/1600
gd02/layer_sweep: 704/1600
gd02/layer_sweep: 706/1600
gd02/layer_sweep: 708/1600
gd02/layer_sweep: 710/1600
gd02/layer_sweep: 712/1600
gd02/layer_sweep: 714/1600
gd02/layer_sweep: 716/1600
gd02/layer_sweep: 718/1600
gd02/layer_sweep: 720/1600
gd02/layer_sweep: 722/1600
gd02/layer_sweep: 724/1600
gd02/layer_sweep: 726/1600
gd02/layer_sweep: 728/1600
gd02/layer_sweep: 730/1600
gd02/layer_sweep: 732/1600
gd02/layer_sweep: 734/1600
gd02/layer_sweep: 736/1600
gd02/layer_sweep: 738/1600
gd02/layer_sweep: 740/1600
gd02/layer_sweep: 742/1600
gd02/layer_sweep: 744/1600
gd02/layer_sweep: 746/1600
gd02/layer_sweep: 748/1600
gd02/layer_sweep: 750/1600
gd02/layer_sweep: 752/1600
gd02/layer_sweep: 754/1600
gd02/layer_sweep: 756/1600
gd02/layer_sweep: 758/1600
gd02/layer_sweep: 760/1600
gd02/layer_sweep: 762/1600
gd02/layer_sweep: 764/1600
gd02/layer_sweep: 766/1600
gd02/layer_sweep: 768/1600
gd02/layer_sweep: 770/1600
gd02/layer_sweep: 772/1600
gd02/layer_sweep: 774/1600
gd02/layer_sweep: 776/1600
gd02/layer_sweep: 778/1600
gd02/layer_sweep: 780/1600
gd02/layer_sweep: 782/1600
gd02/layer_sweep: 784/1600
gd02/layer_sweep: 786/1600
gd02/layer_sweep: 788/1600
gd02/layer_sweep: 790/1600
gd02/layer_sweep: 792/1600
gd02/layer_sweep: 794/1600
gd02/layer_sweep: 796/1600
gd02/layer_sweep: 798/1600
gd02/layer_sweep: 800/1600
gd02/layer_sweep: 802/1600
gd02/layer_sweep: 804/1600
gd02/layer_sweep: 806/1600
gd02/layer_sweep: 808/1600
gd02/layer_sweep: 810/1600
gd02/layer_sweep: 812/1600
gd02/layer_sweep: 814/1600
gd02/layer_sweep: 816/1600
gd02/layer_sweep: 818/1600
gd02/layer_sweep: 820/1600
gd02/layer_sweep: 822/1600
gd02/layer_sweep: 824/1600
gd02/layer_sweep: 826/1600
gd02/layer_sweep: 828/1600
gd02/layer_sweep: 830/1600
gd02/layer_sweep: 832/1600
gd02/layer_sweep: 834/1600
gd02/layer_sweep: 836/1600
gd02/layer_sweep: 838/1600
gd02/layer_sweep: 840/1600
gd02/layer_sweep: 842/1600
gd02/layer_sweep: 844/1600
gd02/layer_sweep: 846/1600
gd02/layer_sweep: 848/1600
gd02/layer_sweep: 850/1600
gd02/layer_sweep: 852/1600
gd02/layer_sweep: 854/1600
gd02/layer_sweep: 856/1600
gd02/layer_sweep: 858/1600
gd02/layer_sweep: 860/1600
gd02/layer_sweep: 862/1600
gd02/layer_sweep: 864/1600
gd02/layer_sweep: 866/1600
gd02/layer_sweep: 868/1600
gd02/layer_sweep: 870/1600
gd02/layer_sweep: 872/1600
gd02/layer_sweep: 874/1600
gd02/layer_sweep: 876/1600
gd02/layer_sweep: 878/1600
gd02/layer_sweep: 880/1600
gd02/layer_sweep: 882/1600
gd02/layer_sweep: 884/1600
gd02/layer_sweep: 886/1600
gd02/layer_sweep: 888/1600
gd02/layer_sweep: 890/1600
gd02/layer_sweep: 892/1600
gd02/layer_sweep: 894/1600
gd02/layer_sweep: 896/1600
gd02/layer_sweep: 898/1600
gd02/layer_sweep: 900/1600
gd02/layer_sweep: 902/1600
gd02/layer_sweep: 904/1600
gd02/layer_sweep: 906/1600
gd02/layer_sweep: 908/1600
gd02/layer_sweep: 910/1600
gd02/layer_sweep: 912/1600
gd02/layer_sweep: 914/1600
gd02/layer_sweep: 916/1600
gd02/layer_sweep: 918/1600
gd02/layer_sweep: 920/1600
gd02/layer_sweep: 922/1600
gd02/layer_sweep: 924/1600
gd02/layer_sweep: 926/1600
gd02/layer_sweep: 928/1600
gd02/layer_sweep: 930/1600
gd02/layer_sweep: 932/1600
gd02/layer_sweep: 934/1600
gd02/layer_sweep: 936/1600
gd02/layer_sweep: 938/1600
gd02/layer_sweep: 940/1600
gd02/layer_sweep: 942/1600
gd02/layer_sweep: 944/1600
gd02/layer_sweep: 946/1600
gd02/layer_sweep: 948/1600
gd02/layer_sweep: 950/1600
gd02/layer_sweep: 952/1600
gd02/layer_sweep: 954/1600
gd02/layer_sweep: 956/1600
gd02/layer_sweep: 958/1600
gd02/layer_sweep: 960/1600
gd02/layer_sweep: 962/1600
gd02/layer_sweep: 964/1600
gd02/layer_sweep: 966/1600
gd02/layer_sweep: 968/1600
gd02/layer_sweep: 970/1600
gd02/layer_sweep: 972/1600
gd02/layer_sweep: 974/1600
gd02/layer_sweep: 976/1600
gd02/layer_sweep: 978/1600
gd02/layer_sweep: 980/1600
gd02/layer_sweep: 982/1600
gd02/layer_sweep: 984/1600
gd02/layer_sweep: 986/1600
gd02/layer_sweep: 988/1600
gd02/layer_sweep: 990/1600
gd02/layer_sweep: 992/1600
gd02/layer_sweep: 994/1600
gd02/layer_sweep: 996/1600
gd02/layer_sweep: 998/1600
gd02/layer_sweep: 1000/1600
gd02/layer_sweep: 1002/1600
gd02/layer_sweep: 1004/1600
gd02/layer_sweep: 1006/1600
gd02/layer_sweep: 1008/1600
gd02/layer_sweep: 1010/1600
gd02/layer_sweep: 1012/1600
gd02/layer_sweep: 1014/1600
gd02/layer_sweep: 1016/1600
gd02/layer_sweep: 1018/1600
gd02/layer_sweep: 1020/1600
gd02/layer_sweep: 1022/1600
gd02/layer_sweep: 1024/1600
gd02/layer_sweep: 1026/1600
gd02/layer_sweep: 1028/1600
gd02/layer_sweep: 1030/1600
gd02/layer_sweep: 1032/1600
gd02/layer_sweep: 1034/1600
gd02/layer_sweep: 1036/1600
gd02/layer_sweep: 1038/1600
gd02/layer_sweep: 1040/1600
gd02/layer_sweep: 1042/1600
gd02/layer_sweep: 1044/1600
gd02/layer_sweep: 1046/1600
gd02/layer_sweep: 1048/1600
gd02/layer_sweep: 1050/1600
gd02/layer_sweep: 1052/1600
gd02/layer_sweep: 1054/1600
gd02/layer_sweep: 1056/1600
gd02/layer_sweep: 1058/1600
gd02/layer_sweep: 1060/1600
gd02/layer_sweep: 1062/1600
gd02/layer_sweep: 1064/1600
gd02/layer_sweep: 1066/1600
gd02/layer_sweep: 1068/1600
gd02/layer_sweep: 1070/1600
gd02/layer_sweep: 1072/1600
gd02/layer_sweep: 1074/1600
gd02/layer_sweep: 1076/1600
gd02/layer_sweep: 1078/1600
gd02/layer_sweep: 1080/1600
gd02/layer_sweep: 1082/1600
gd02/layer_sweep: 1084/1600
gd02/layer_sweep: 1086/1600
gd02/layer_sweep: 1088/1600
gd02/layer_sweep: 1090/1600
gd02/layer_sweep: 1092/1600
gd02/layer_sweep: 1094/1600
gd02/layer_sweep: 1096/1600
gd02/layer_sweep: 1098/1600
gd02/layer_sweep: 1100/1600
gd02/layer_sweep: 1102/1600
gd02/layer_sweep: 1104/1600
gd02/layer_sweep: 1106/1600
gd02/layer_sweep: 1108/1600
gd02/layer_sweep: 1110/1600
gd02/layer_sweep: 1112/1600
gd02/layer_sweep: 1114/1600
gd02/layer_sweep: 1116/1600
gd02/layer_sweep: 1118/1600
gd02/layer_sweep: 1120/1600
gd02/layer_sweep: 1122/1600
gd02/layer_sweep: 1124/1600
gd02/layer_sweep: 1126/1600
gd02/layer_sweep: 1128/1600
gd02/layer_sweep: 1130/1600
gd02/layer_sweep: 1132/1600
gd02/layer_sweep: 1134/1600
gd02/layer_sweep: 1136/1600
gd02/layer_sweep: 1138/1600
gd02/layer_sweep: 1140/1600
gd02/layer_sweep: 1142/1600
gd02/layer_sweep: 1144/1600
gd02/layer_sweep: 1146/1600
gd02/layer_sweep: 1148/1600
gd02/layer_sweep: 1150/1600
gd02/layer_sweep: 1152/1600
gd02/layer_sweep: 1154/1600
gd02/layer_sweep: 1156/1600
gd02/layer_sweep: 1158/1600
gd02/layer_sweep: 1160/1600
gd02/layer_sweep: 1162/1600
gd02/layer_sweep: 1164/1600
gd02/layer_sweep: 1166/1600
gd02/layer_sweep: 1168/1600
gd02/layer_sweep: 1170/1600
gd02/layer_sweep: 1172/1600
gd02/layer_sweep: 1174/1600
gd02/layer_sweep: 1176/1600
gd02/layer_sweep: 1178/1600
gd02/layer_sweep: 1180/1600
gd02/layer_sweep: 1182/1600
gd02/layer_sweep: 1184/1600
gd02/layer_sweep: 1186/1600
gd02/layer_sweep: 1188/1600
gd02/layer_sweep: 1190/1600
gd02/layer_sweep: 1192/1600
gd02/layer_sweep: 1194/1600
gd02/layer_sweep: 1196/1600
gd02/layer_sweep: 1198/1600
gd02/layer_sweep: 1200/1600
gd02/layer_sweep: 1202/1600
gd02/layer_sweep: 1204/1600
gd02/layer_sweep: 1206/1600
gd02/layer_sweep: 1208/1600
gd02/layer_sweep: 1210/1600
gd02/layer_sweep: 1212/1600
gd02/layer_sweep: 1214/1600
gd02/layer_sweep: 1216/1600
gd02/layer_sweep: 1218/1600
gd02/layer_sweep: 1220/1600
gd02/layer_sweep: 1222/1600
gd02/layer_sweep: 1224/1600
gd02/layer_sweep: 1226/1600
gd02/layer_sweep: 1228/1600
gd02/layer_sweep: 1230/1600
gd02/layer_sweep: 1232/1600
gd02/layer_sweep: 1234/1600
gd02/layer_sweep: 1236/1600
gd02/layer_sweep: 1238/1600
gd02/layer_sweep: 1240/1600
gd02/layer_sweep: 1242/1600
gd02/layer_sweep: 1244/1600
gd02/layer_sweep: 1246/1600
gd02/layer_sweep: 1248/1600
gd02/layer_sweep: 1250/1600
gd02/layer_sweep: 1252/1600
gd02/layer_sweep: 1254/1600
gd02/layer_sweep: 1256/1600
gd02/layer_sweep: 1258/1600
gd02/layer_sweep: 1260/1600
gd02/layer_sweep: 1262/1600
gd02/layer_sweep: 1264/1600
gd02/layer_sweep: 1266/1600
gd02/layer_sweep: 1268/1600
gd02/layer_sweep: 1270/1600
gd02/layer_sweep: 1272/1600
gd02/layer_sweep: 1274/1600
gd02/layer_sweep: 1276/1600
gd02/layer_sweep: 1278/1600
gd02/layer_sweep: 1280/1600
gd02/layer_sweep: 1282/1600
gd02/layer_sweep: 1284/1600
gd02/layer_sweep: 1286/1600
gd02/layer_sweep: 1288/1600
gd02/layer_sweep: 1290/1600
gd02/layer_sweep: 1292/1600
gd02/layer_sweep: 1294/1600
gd02/layer_sweep: 1296/1600
gd02/layer_sweep: 1298/1600
gd02/layer_sweep: 1300/1600
gd02/layer_sweep: 1302/1600
gd02/layer_sweep: 1304/1600
gd02/layer_sweep: 1306/1600
gd02/layer_sweep: 1308/1600
gd02/layer_sweep: 1310/1600
gd02/layer_sweep: 1312/1600
gd02/layer_sweep: 1314/1600
gd02/layer_sweep: 1316/1600
gd02/layer_sweep: 1318/1600
gd02/layer_sweep: 1320/1600
gd02/layer_sweep: 1322/1600
gd02/layer_sweep: 1324/1600
gd02/layer_sweep: 1326/1600
gd02/layer_sweep: 1328/1600
gd02/layer_sweep: 1330/1600
gd02/layer_sweep: 1332/1600
gd02/layer_sweep: 1334/1600
gd02/layer_sweep: 1336/1600
gd02/layer_sweep: 1338/1600
gd02/layer_sweep: 1340/1600
gd02/layer_sweep: 1342/1600
gd02/layer_sweep: 1344/1600
gd02/layer_sweep: 1346/1600
gd02/layer_sweep: 1348/1600
gd02/layer_sweep: 1350/1600
gd02/layer_sweep: 1352/1600
gd02/layer_sweep: 1354/1600
gd02/layer_sweep: 1356/1600
gd02/layer_sweep: 1358/1600
gd02/layer_sweep: 1360/1600
gd02/layer_sweep: 1362/1600
gd02/layer_sweep: 1364/1600
gd02/layer_sweep: 1366/1600
gd02/layer_sweep: 1368/1600
gd02/layer_sweep: 1370/1600
gd02/layer_sweep: 1372/1600
gd02/layer_sweep: 1374/1600
gd02/layer_sweep: 1376/1600
gd02/layer_sweep: 1378/1600
gd02/layer_sweep: 1380/1600
gd02/layer_sweep: 1382/1600
gd02/layer_sweep: 1384/1600
gd02/layer_sweep: 1386/1600
gd02/layer_sweep: 1388/1600
gd02/layer_sweep: 1390/1600
gd02/layer_sweep: 1392/1600
gd02/layer_sweep: 1394/1600
gd02/layer_sweep: 1396/1600
gd02/layer_sweep: 1398/1600
gd02/layer_sweep: 1400/1600
gd02/layer_sweep: 1402/1600
gd02/layer_sweep: 1404/1600
gd02/layer_sweep: 1406/1600
gd02/layer_sweep: 1408/1600
gd02/layer_sweep: 1410/1600
gd02/layer_sweep: 1412/1600
gd02/layer_sweep: 1414/1600
gd02/layer_sweep: 1416/1600
gd02/layer_sweep: 1418/1600
gd02/layer_sweep: 1420/1600
gd02/layer_sweep: 1422/1600
gd02/layer_sweep: 1424/1600
gd02/layer_sweep: 1426/1600
gd02/layer_sweep: 1428/1600
gd02/layer_sweep: 1430/1600
gd02/layer_sweep: 1432/1600
gd02/layer_sweep: 1434/1600
gd02/layer_sweep: 1436/1600
gd02/layer_sweep: 1438/1600
gd02/layer_sweep: 1440/1600
gd02/layer_sweep: 1442/1600
gd02/layer_sweep: 1444/1600
gd02/layer_sweep: 1446/1600
gd02/layer_sweep: 1448/1600
gd02/layer_sweep: 1450/1600
gd02/layer_sweep: 1452/1600
gd02/layer_sweep: 1454/1600
gd02/layer_sweep: 1456/1600
gd02/layer_sweep: 1458/1600
gd02/layer_sweep: 1460/1600
gd02/layer_sweep: 1462/1600
gd02/layer_sweep: 1464/1600
gd02/layer_sweep: 1466/1600
gd02/layer_sweep: 1468/1600
gd02/layer_sweep: 1470/1600
gd02/layer_sweep: 1472/1600
gd02/layer_sweep: 1474/1600
gd02/layer_sweep: 1476/1600
gd02/layer_sweep: 1478/1600
gd02/layer_sweep: 1480/1600
gd02/layer_sweep: 1482/1600
gd02/layer_sweep: 1484/1600
gd02/layer_sweep: 1486/1600
gd02/layer_sweep: 1488/1600
gd02/layer_sweep: 1490/1600
gd02/layer_sweep: 1492/1600
gd02/layer_sweep: 1494/1600
gd02/layer_sweep: 1496/1600
gd02/layer_sweep: 1498/1600
gd02/layer_sweep: 1500/1600
gd02/layer_sweep: 1502/1600
gd02/layer_sweep: 1504/1600
gd02/layer_sweep: 1506/1600
gd02/layer_sweep: 1508/1600
gd02/layer_sweep: 1510/1600
gd02/layer_sweep: 1512/1600
gd02/layer_sweep: 1514/1600
gd02/layer_sweep: 1516/1600
gd02/layer_sweep: 1518/1600
gd02/layer_sweep: 1520/1600
gd02/layer_sweep: 1522/1600
gd02/layer_sweep: 1524/1600
gd02/layer_sweep: 1526/1600
gd02/layer_sweep: 1528/1600
gd02/layer_sweep: 1530/1600
gd02/layer_sweep: 1532/1600
gd02/layer_sweep: 1534/1600
gd02/layer_sweep: 1536/1600
gd02/layer_sweep: 1538/1600
gd02/layer_sweep: 1540/1600
gd02/layer_sweep: 1542/1600
gd02/layer_sweep: 1544/1600
gd02/layer_sweep: 1546/1600
gd02/layer_sweep: 1548/1600
gd02/layer_sweep: 1550/1600
gd02/layer_sweep: 1552/1600
gd02/layer_sweep: 1554/1600
gd02/layer_sweep: 1556/1600
gd02/layer_sweep: 1558/1600
gd02/layer_sweep: 1560/1600
gd02/layer_sweep: 1562/1600
gd02/layer_sweep: 1564/1600
gd02/layer_sweep: 1566/1600
gd02/layer_sweep: 1568/1600
gd02/layer_sweep: 1570/1600
gd02/layer_sweep: 1572/1600
gd02/layer_sweep: 1574/1600
gd02/layer_sweep: 1576/1600
gd02/layer_sweep: 1578/1600
gd02/layer_sweep: 1580/1600
gd02/layer_sweep: 1582/1600
gd02/layer_sweep: 1584/1600
gd02/layer_sweep: 1586/1600
gd02/layer_sweep: 1588/1600
gd02/layer_sweep: 1590/1600
gd02/layer_sweep: 1592/1600
gd02/layer_sweep: 1594/1600
gd02/layer_sweep: 1596/1600
gd02/layer_sweep: 1598/1600
gd02/layer_sweep: 1600/1600
Chunk 3 gd02 sweep complete
