Chunk 4 idk: 200 baselines + 3 x 200 steering scores = 600
Direction: FULL-IDK at layer 14; alphas=[0.5, 1.0, 2.0]
Loading weights:   0%|          | 0/146 [00:00<?, ?it/s]Loading weights:   9%|▉         | 13/146 [00:00<00:01, 120.52it/s]Loading weights:  22%|██▏       | 32/146 [00:00<00:00, 137.17it/s]Loading weights:  32%|███▏      | 46/146 [00:00<00:00, 133.44it/s]Loading weights:  46%|████▌     | 67/146 [00:00<00:00, 160.89it/s]Loading weights:  58%|█████▊    | 84/146 [00:00<00:00, 158.13it/s]Loading weights:  68%|██████▊   | 100/146 [00:00<00:00, 158.12it/s]Loading weights:  79%|███████▉  | 116/146 [00:00<00:00, 156.71it/s]Loading weights:  90%|█████████ | 132/146 [00:01<00:00, 78.38it/s] Loading weights: 100%|██████████| 146/146 [00:01<00:00, 117.72it/s]
Loaded idk on mps
idk/alpha_baselines: 2/200
idk/alpha_baselines: 4/200
idk/alpha_baselines: 6/200
idk/alpha_baselines: 8/200
idk/alpha_baselines: 10/200
idk/alpha_baselines: 12/200
idk/alpha_baselines: 14/200
idk/alpha_baselines: 16/200
idk/alpha_baselines: 18/200
idk/alpha_baselines: 20/200
idk/alpha_baselines: 22/200
idk/alpha_baselines: 24/200
idk/alpha_baselines: 26/200
idk/alpha_baselines: 28/200
idk/alpha_baselines: 30/200
idk/alpha_baselines: 32/200
idk/alpha_baselines: 34/200
idk/alpha_baselines: 36/200
idk/alpha_baselines: 38/200
idk/alpha_baselines: 40/200
idk/alpha_baselines: 42/200
idk/alpha_baselines: 44/200
idk/alpha_baselines: 46/200
idk/alpha_baselines: 48/200
idk/alpha_baselines: 50/200
idk/alpha_baselines: 52/200
idk/alpha_baselines: 54/200
idk/alpha_baselines: 56/200
idk/alpha_baselines: 58/200
idk/alpha_baselines: 60/200
idk/alpha_baselines: 62/200
idk/alpha_baselines: 64/200
idk/alpha_baselines: 66/200
idk/alpha_baselines: 68/200
idk/alpha_baselines: 70/200
idk/alpha_baselines: 72/200
idk/alpha_baselines: 74/200
idk/alpha_baselines: 76/200
idk/alpha_baselines: 78/200
idk/alpha_baselines: 80/200
idk/alpha_baselines: 82/200
idk/alpha_baselines: 84/200
idk/alpha_baselines: 86/200
idk/alpha_baselines: 88/200
idk/alpha_baselines: 90/200
idk/alpha_baselines: 92/200
idk/alpha_baselines: 94/200
idk/alpha_baselines: 96/200
idk/alpha_baselines: 98/200
idk/alpha_baselines: 100/200
idk/alpha_baselines: 102/200
idk/alpha_baselines: 104/200
idk/alpha_baselines: 106/200
idk/alpha_baselines: 108/200
idk/alpha_baselines: 110/200
idk/alpha_baselines: 112/200
idk/alpha_baselines: 114/200
idk/alpha_baselines: 116/200
idk/alpha_baselines: 118/200
idk/alpha_baselines: 120/200
idk/alpha_baselines: 122/200
idk/alpha_baselines: 124/200
idk/alpha_baselines: 126/200
idk/alpha_baselines: 128/200
idk/alpha_baselines: 130/200
idk/alpha_baselines: 132/200
idk/alpha_baselines: 134/200
idk/alpha_baselines: 136/200
idk/alpha_baselines: 138/200
idk/alpha_baselines: 140/200
idk/alpha_baselines: 142/200
idk/alpha_baselines: 144/200
idk/alpha_baselines: 146/200
idk/alpha_baselines: 148/200
idk/alpha_baselines: 150/200
idk/alpha_baselines: 152/200
idk/alpha_baselines: 154/200
idk/alpha_baselines: 156/200
idk/alpha_baselines: 158/200
idk/alpha_baselines: 160/200
idk/alpha_baselines: 162/200
idk/alpha_baselines: 164/200
idk/alpha_baselines: 166/200
idk/alpha_baselines: 168/200
idk/alpha_baselines: 170/200
idk/alpha_baselines: 172/200
idk/alpha_baselines: 174/200
idk/alpha_baselines: 176/200
idk/alpha_baselines: 178/200
idk/alpha_baselines: 180/200
idk/alpha_baselines: 182/200
idk/alpha_baselines: 184/200
idk/alpha_baselines: 186/200
idk/alpha_baselines: 188/200
idk/alpha_baselines: 190/200
idk/alpha_baselines: 192/200
idk/alpha_baselines: 194/200
idk/alpha_baselines: 196/200
idk/alpha_baselines: 198/200
idk/alpha_baselines: 200/200
idk/alpha_sweep: 0/600 already complete
idk/alpha_sweep: 2/600
idk/alpha_sweep: 4/600
idk/alpha_sweep: 6/600
idk/alpha_sweep: 8/600
idk/alpha_sweep: 10/600
idk/alpha_sweep: 12/600
idk/alpha_sweep: 14/600
idk/alpha_sweep: 16/600
idk/alpha_sweep: 18/600
idk/alpha_sweep: 20/600
idk/alpha_sweep: 22/600
idk/alpha_sweep: 24/600
idk/alpha_sweep: 26/600
idk/alpha_sweep: 28/600
idk/alpha_sweep: 30/600
idk/alpha_sweep: 32/600
idk/alpha_sweep: 34/600
idk/alpha_sweep: 36/600
idk/alpha_sweep: 38/600
idk/alpha_sweep: 40/600
idk/alpha_sweep: 42/600
idk/alpha_sweep: 44/600
idk/alpha_sweep: 46/600
idk/alpha_sweep: 48/600
idk/alpha_sweep: 50/600
idk/alpha_sweep: 52/600
idk/alpha_sweep: 54/600
idk/alpha_sweep: 56/600
idk/alpha_sweep: 58/600
idk/alpha_sweep: 60/600
idk/alpha_sweep: 62/600
idk/alpha_sweep: 64/600
idk/alpha_sweep: 66/600
idk/alpha_sweep: 68/600
idk/alpha_sweep: 70/600
idk/alpha_sweep: 72/600
idk/alpha_sweep: 74/600
idk/alpha_sweep: 76/600
idk/alpha_sweep: 78/600
idk/alpha_sweep: 80/600
idk/alpha_sweep: 82/600
idk/alpha_sweep: 84/600
idk/alpha_sweep: 86/600
idk/alpha_sweep: 88/600
idk/alpha_sweep: 90/600
idk/alpha_sweep: 92/600
idk/alpha_sweep: 94/600
idk/alpha_sweep: 96/600
idk/alpha_sweep: 98/600
idk/alpha_sweep: 100/600
idk/alpha_sweep: 102/600
idk/alpha_sweep: 104/600
idk/alpha_sweep: 106/600
idk/alpha_sweep: 108/600
idk/alpha_sweep: 110/600
idk/alpha_sweep: 112/600
idk/alpha_sweep: 114/600
idk/alpha_sweep: 116/600
idk/alpha_sweep: 118/600
idk/alpha_sweep: 120/600
idk/alpha_sweep: 122/600
idk/alpha_sweep: 124/600
idk/alpha_sweep: 126/600
idk/alpha_sweep: 128/600
idk/alpha_sweep: 130/600
idk/alpha_sweep: 132/600
idk/alpha_sweep: 134/600
idk/alpha_sweep: 136/600
idk/alpha_sweep: 138/600
idk/alpha_sweep: 140/600
idk/alpha_sweep: 142/600
idk/alpha_sweep: 144/600
idk/alpha_sweep: 146/600
idk/alpha_sweep: 148/600
idk/alpha_sweep: 150/600
idk/alpha_sweep: 152/600
idk/alpha_sweep: 154/600
idk/alpha_sweep: 156/600
idk/alpha_sweep: 158/600
idk/alpha_sweep: 160/600
idk/alpha_sweep: 162/600
idk/alpha_sweep: 164/600
idk/alpha_sweep: 166/600
idk/alpha_sweep: 168/600
idk/alpha_sweep: 170/600
idk/alpha_sweep: 172/600
idk/alpha_sweep: 174/600
idk/alpha_sweep: 176/600
idk/alpha_sweep: 178/600
idk/alpha_sweep: 180/600
idk/alpha_sweep: 182/600
idk/alpha_sweep: 184/600
idk/alpha_sweep: 186/600
idk/alpha_sweep: 188/600
idk/alpha_sweep: 190/600
idk/alpha_sweep: 192/600
idk/alpha_sweep: 194/600
idk/alpha_sweep: 196/600
idk/alpha_sweep: 198/600
idk/alpha_sweep: 200/600
idk/alpha_sweep: 202/600
idk/alpha_sweep: 204/600
idk/alpha_sweep: 206/600
idk/alpha_sweep: 208/600
idk/alpha_sweep: 210/600
idk/alpha_sweep: 212/600
idk/alpha_sweep: 214/600
idk/alpha_sweep: 216/600
idk/alpha_sweep: 218/600
idk/alpha_sweep: 220/600
idk/alpha_sweep: 222/600
idk/alpha_sweep: 224/600
idk/alpha_sweep: 226/600
idk/alpha_sweep: 228/600
idk/alpha_sweep: 230/600
idk/alpha_sweep: 232/600
idk/alpha_sweep: 234/600
idk/alpha_sweep: 236/600
idk/alpha_sweep: 238/600
idk/alpha_sweep: 240/600
idk/alpha_sweep: 242/600
idk/alpha_sweep: 244/600
idk/alpha_sweep: 246/600
idk/alpha_sweep: 248/600
idk/alpha_sweep: 250/600
idk/alpha_sweep: 252/600
idk/alpha_sweep: 254/600
idk/alpha_sweep: 256/600
idk/alpha_sweep: 258/600
idk/alpha_sweep: 260/600
idk/alpha_sweep: 262/600
idk/alpha_sweep: 264/600
idk/alpha_sweep: 266/600
idk/alpha_sweep: 268/600
idk/alpha_sweep: 270/600
idk/alpha_sweep: 272/600
idk/alpha_sweep: 274/600
idk/alpha_sweep: 276/600
idk/alpha_sweep: 278/600
idk/alpha_sweep: 280/600
idk/alpha_sweep: 282/600
idk/alpha_sweep: 284/600
idk/alpha_sweep: 286/600
idk/alpha_sweep: 288/600
idk/alpha_sweep: 290/600
idk/alpha_sweep: 292/600
idk/alpha_sweep: 294/600
idk/alpha_sweep: 296/600
idk/alpha_sweep: 298/600
idk/alpha_sweep: 300/600
idk/alpha_sweep: 302/600
idk/alpha_sweep: 304/600
idk/alpha_sweep: 306/600
idk/alpha_sweep: 308/600
idk/alpha_sweep: 310/600
idk/alpha_sweep: 312/600
idk/alpha_sweep: 314/600
idk/alpha_sweep: 316/600
idk/alpha_sweep: 318/600
idk/alpha_sweep: 320/600
idk/alpha_sweep: 322/600
idk/alpha_sweep: 324/600
idk/alpha_sweep: 326/600
idk/alpha_sweep: 328/600
idk/alpha_sweep: 330/600
idk/alpha_sweep: 332/600
idk/alpha_sweep: 334/600
idk/alpha_sweep: 336/600
idk/alpha_sweep: 338/600
idk/alpha_sweep: 340/600
idk/alpha_sweep: 342/600
idk/alpha_sweep: 344/600
idk/alpha_sweep: 346/600
idk/alpha_sweep: 348/600
idk/alpha_sweep: 350/600
idk/alpha_sweep: 352/600
idk/alpha_sweep: 354/600
idk/alpha_sweep: 356/600
idk/alpha_sweep: 358/600
idk/alpha_sweep: 360/600
idk/alpha_sweep: 362/600
idk/alpha_sweep: 364/600
idk/alpha_sweep: 366/600
idk/alpha_sweep: 368/600
idk/alpha_sweep: 370/600
idk/alpha_sweep: 372/600
idk/alpha_sweep: 374/600
idk/alpha_sweep: 376/600
idk/alpha_sweep: 378/600
idk/alpha_sweep: 380/600
idk/alpha_sweep: 382/600
idk/alpha_sweep: 384/600
idk/alpha_sweep: 386/600
idk/alpha_sweep: 388/600
idk/alpha_sweep: 390/600
idk/alpha_sweep: 392/600
idk/alpha_sweep: 394/600
idk/alpha_sweep: 396/600
idk/alpha_sweep: 398/600
idk/alpha_sweep: 400/600
idk/alpha_sweep: 402/600
idk/alpha_sweep: 404/600
idk/alpha_sweep: 406/600
idk/alpha_sweep: 408/600
idk/alpha_sweep: 410/600
idk/alpha_sweep: 412/600
idk/alpha_sweep: 414/600
idk/alpha_sweep: 416/600
idk/alpha_sweep: 418/600
idk/alpha_sweep: 420/600
idk/alpha_sweep: 422/600
idk/alpha_sweep: 424/600
idk/alpha_sweep: 426/600
idk/alpha_sweep: 428/600
idk/alpha_sweep: 430/600
idk/alpha_sweep: 432/600
idk/alpha_sweep: 434/600
idk/alpha_sweep: 436/600
idk/alpha_sweep: 438/600
idk/alpha_sweep: 440/600
idk/alpha_sweep: 442/600
idk/alpha_sweep: 444/600
idk/alpha_sweep: 446/600
idk/alpha_sweep: 448/600
idk/alpha_sweep: 450/600
idk/alpha_sweep: 452/600
idk/alpha_sweep: 454/600
idk/alpha_sweep: 456/600
idk/alpha_sweep: 458/600
idk/alpha_sweep: 460/600
idk/alpha_sweep: 462/600
idk/alpha_sweep: 464/600
idk/alpha_sweep: 466/600
idk/alpha_sweep: 468/600
idk/alpha_sweep: 470/600
idk/alpha_sweep: 472/600
idk/alpha_sweep: 474/600
idk/alpha_sweep: 476/600
idk/alpha_sweep: 478/600
idk/alpha_sweep: 480/600
idk/alpha_sweep: 482/600
idk/alpha_sweep: 484/600
idk/alpha_sweep: 486/600
idk/alpha_sweep: 488/600
idk/alpha_sweep: 490/600
idk/alpha_sweep: 492/600
idk/alpha_sweep: 494/600
idk/alpha_sweep: 496/600
idk/alpha_sweep: 498/600
idk/alpha_sweep: 500/600
idk/alpha_sweep: 502/600
idk/alpha_sweep: 504/600
idk/alpha_sweep: 506/600
idk/alpha_sweep: 508/600
idk/alpha_sweep: 510/600
idk/alpha_sweep: 512/600
idk/alpha_sweep: 514/600
idk/alpha_sweep: 516/600
idk/alpha_sweep: 518/600
idk/alpha_sweep: 520/600
idk/alpha_sweep: 522/600
idk/alpha_sweep: 524/600
idk/alpha_sweep: 526/600
idk/alpha_sweep: 528/600
idk/alpha_sweep: 530/600
idk/alpha_sweep: 532/600
idk/alpha_sweep: 534/600
idk/alpha_sweep: 536/600
idk/alpha_sweep: 538/600
idk/alpha_sweep: 540/600
idk/alpha_sweep: 542/600
idk/alpha_sweep: 544/600
idk/alpha_sweep: 546/600
idk/alpha_sweep: 548/600
idk/alpha_sweep: 550/600
idk/alpha_sweep: 552/600
idk/alpha_sweep: 554/600
idk/alpha_sweep: 556/600
idk/alpha_sweep: 558/600
idk/alpha_sweep: 560/600
idk/alpha_sweep: 562/600
idk/alpha_sweep: 564/600
idk/alpha_sweep: 566/600
idk/alpha_sweep: 568/600
idk/alpha_sweep: 570/600
idk/alpha_sweep: 572/600
idk/alpha_sweep: 574/600
idk/alpha_sweep: 576/600
idk/alpha_sweep: 578/600
idk/alpha_sweep: 580/600
idk/alpha_sweep: 582/600
idk/alpha_sweep: 584/600
idk/alpha_sweep: 586/600
idk/alpha_sweep: 588/600
idk/alpha_sweep: 590/600
idk/alpha_sweep: 592/600
idk/alpha_sweep: 594/600
idk/alpha_sweep: 596/600
idk/alpha_sweep: 598/600
idk/alpha_sweep: 600/600
Chunk 4 idk alpha sweep complete
