retain: discovery=100, R_control=100, capture_FULL_discovery=False
Loading weights:   0%|          | 0/146 [00:00<?, ?it/s]Loading weights:   1%|          | 1/146 [00:00<01:00,  2.39it/s]Loading weights:   7%|▋         | 10/146 [00:00<00:05, 24.28it/s]Loading weights:  18%|█▊        | 27/146 [00:00<00:02, 57.93it/s]Loading weights:  27%|██▋       | 40/146 [00:01<00:02, 45.86it/s]Loading weights:  32%|███▏      | 47/146 [00:01<00:02, 37.29it/s]Loading weights:  42%|████▏     | 62/146 [00:01<00:01, 53.56it/s]Loading weights:  55%|█████▍    | 80/146 [00:01<00:00, 74.14it/s]Loading weights:  66%|██████▋   | 97/146 [00:01<00:00, 90.59it/s]Loading weights:  77%|███████▋  | 113/146 [00:01<00:00, 105.46it/s]Loading weights:  92%|█████████▏| 135/146 [00:01<00:00, 126.10it/s]Loading weights: 100%|██████████| 146/146 [00:01<00:00, 77.07it/s] 
Loaded retain on mps
retain/discovery: 0/100 already complete
retain/discovery: 2/100
retain/discovery: 4/100
retain/discovery: 6/100
retain/discovery: 8/100
retain/discovery: 10/100
retain/discovery: 12/100
retain/discovery: 14/100
retain/discovery: 16/100
retain/discovery: 18/100
retain/discovery: 20/100
retain/discovery: 22/100
retain/discovery: 24/100
retain/discovery: 26/100
retain/discovery: 28/100
retain/discovery: 30/100
retain/discovery: 32/100
retain/discovery: 34/100
retain/discovery: 36/100
retain/discovery: 38/100
retain/discovery: 40/100
retain/discovery: 42/100
retain/discovery: 44/100
retain/discovery: 46/100
retain/discovery: 48/100
retain/discovery: 50/100
retain/discovery: 52/100
retain/discovery: 54/100
retain/discovery: 56/100
retain/discovery: 58/100
retain/discovery: 60/100
retain/discovery: 62/100
retain/discovery: 64/100
retain/discovery: 66/100
retain/discovery: 68/100
retain/discovery: 70/100
retain/discovery: 72/100
retain/discovery: 74/100
retain/discovery: 76/100
retain/discovery: 78/100
retain/discovery: 80/100
retain/discovery: 82/100
retain/discovery: 84/100
retain/discovery: 86/100
retain/discovery: 88/100
retain/discovery: 90/100
retain/discovery: 92/100
retain/discovery: 94/100
retain/discovery: 96/100
retain/discovery: 98/100
retain/discovery: 100/100
retain/r_control: 0/100 already complete
retain/r_control: 2/100
retain/r_control: 4/100
retain/r_control: 6/100
retain/r_control: 8/100
retain/r_control: 10/100
retain/r_control: 12/100
retain/r_control: 14/100
retain/r_control: 16/100
retain/r_control: 18/100
retain/r_control: 20/100
retain/r_control: 22/100
retain/r_control: 24/100
retain/r_control: 26/100
retain/r_control: 28/100
retain/r_control: 30/100
retain/r_control: 32/100
retain/r_control: 34/100
retain/r_control: 36/100
retain/r_control: 38/100
retain/r_control: 40/100
retain/r_control: 42/100
retain/r_control: 44/100
retain/r_control: 46/100
retain/r_control: 48/100
retain/r_control: 50/100
retain/r_control: 52/100
retain/r_control: 54/100
retain/r_control: 56/100
retain/r_control: 58/100
retain/r_control: 60/100
retain/r_control: 62/100
retain/r_control: 64/100
retain/r_control: 66/100
retain/r_control: 68/100
retain/r_control: 70/100
retain/r_control: 72/100
retain/r_control: 74/100
retain/r_control: 76/100
retain/r_control: 78/100
retain/r_control: 80/100
retain/r_control: 82/100
retain/r_control: 84/100
retain/r_control: 86/100
retain/r_control: 88/100
retain/r_control: 90/100
retain/r_control: 92/100
retain/r_control: 94/100
retain/r_control: 96/100
retain/r_control: 98/100
retain/r_control: 100/100
Requested public evaluation completed
